2025-01-09 14:07:47,290 : INFO : root: logging is working!
2025-01-09 14:07:47,777 : INFO : root: Запрос на возврат текста прошел(getter_text)!
2025-01-09 14:07:47,802 : INFO : root: Запрос на возврат текста прошел(getter_text)!
2025-01-09 14:07:47,826 : INFO : root: Запрос на возврат текста прошел(getter_text)!
2025-01-09 14:07:48,282 : INFO : root: Изображение преобразовано в текст!
2025-01-09 14:07:48,307 : INFO : root: Текст добавлен в БД!
2025-01-09 14:07:48,337 : INFO : root: Запись добавили(upload)!
2025-01-09 14:07:48,337 : INFO : root: Изображение добавлено в БД!
2025-01-09 14:07:48,365 : INFO : root: Запись удалена(delete)!
2025-01-09 14:07:48,366 : INFO : root: Запись и изображение удалены!
2025-01-09 14:07:48,390 : INFO : root: Запрос на возврат текста прошел(getter_text)!
2025-01-09 14:07:48,414 : INFO : root: Запрос на возврат текста прошел(getter_text)!
2025-01-09 14:07:48,661 : INFO : root: Изображение преобразовано в текст!
2025-01-09 14:07:48,686 : INFO : root: Текст добавлен в БД!
2025-01-09 14:07:48,914 : INFO : root: Изображение преобразовано в текст!
2025-01-09 14:07:48,943 : INFO : root: Текст добавлен в БД!
2025-01-09 14:07:48,947 : INFO : root: Файл не найден(analyse)!
2025-01-09 14:07:49,349 : INFO : root: Изображение преобразовано в текст!
2025-01-09 14:07:49,374 : WARNING : root: Текст переведен, но не добавлен в БД!
2025-01-09 14:07:49,752 : INFO : root: Текст считан!
2025-01-09 14:07:49,779 : INFO : root: Запись добавили(upload)!
2025-01-09 14:07:49,779 : INFO : root: Изображение добавлено в БД!
2025-01-09 14:07:49,781 : INFO : root: Использовали занятый id для загрузки!
2025-01-09 14:07:49,834 : INFO : root: Запись удалена(delete)!
2025-01-09 14:07:49,834 : INFO : root: Запись и изображение удалены!
2025-01-09 14:07:49,860 : INFO : root: Запись удалена(delete)!
2025-01-09 14:07:49,860 : INFO : root: Запись и изображение удалены!
2025-01-09 14:07:49,887 : INFO : root: Запись удалена(delete)!
2025-01-09 14:07:49,887 : INFO : root: Запись и изображение удалены!
2025-01-09 14:07:49,889 : INFO : root: Не нашли изображение для удаления!
2025-01-09 14:07:49,890 : WARNING : root: Запись удалена, изображение нет(delete)!
